// Jest Snapshot v1, https://goo.gl/fbAQLP

exports[`propToStyle() when receives an object of breakpoints renders more breakpoints resolutions 1`] = `
Array [
  "",
  Array [
    "@media screen and (min-width:",
    "768",
    "px){",
    "display: grid;",
    "}",
  ],
]
`;

exports[`propToStyle() when receives an object of breakpoints renders only one breakpoint resolution 1`] = `
Array [
  "",
]
`;
